// Jest Snapshot v1, https://goo.gl/fbAQLP

exports[`a pagina de configuracao deve ser renderizada corretamente 1`] = `
<div>
  <div
    class="sc-beySbM bLtAoI"
  >
    <form>
      <div
        class="sc-guDLRT lgwcrq"
      >
        <input
          placeholder="Insira os nomes dos participantes"
          type="text"
          value=""
        />
        <button
          disabled=""
        >
          Adicionar
        </button>
      </div>
      
    </form>
  </div>
  <ul />
  <footer>
    <button
      disabled=""
    >
      Iniciar brincadeira
    </button>
  </footer>
</div>
`;
